https://trailhead.salesforce.com/en/content/learn/superbadges/superbadge_aap?trailmix_creator_id=00550000007SDjrAAG&trailmix_id=platform-developer-ii


Microsoft Windows [version 6.1.7601]
Copyright (c) 2009 Microsoft Corporation. Tous droits réservés.

G:\Users\jorand>f:

F:\>cd Dro
Le chemin d'accès spécifié est introuvable.

F:\>cd Persdata

F:\Persdata>cd Dropbox

F:\Persdata\Dropbox>cd "Trailhead DX"

F:\Persdata\Dropbox\Trailhead DX>sfdx update
sfdx-cli: Updating CLI... already on latest version: 6.41.1-44a593d6a3
sfdx-cli: Updating plugins... done

F:\Persdata\Dropbox\Trailhead DX>sfdx force:project:create --help
Usage: sfdx force:project:create -n <string> [-t <string>] [-d <string>] [-s <string>] [-p <string>] [-x] [--json] [--loglevel <stri
ng>]

create a new SFDX project

Flags:
 -p, --defaultpackagedir DEFAULTPACKAGEDIR  default package directory name (force-app*)
 -x, --manifest                             generate a manifest (package.xml) for change-set-based development
 -s, --namespace NAMESPACE                  project associated namespace
 -d, --outputdir OUTPUTDIR                  folder for saving the created files
 -n, --projectname PROJECTNAME              (required) name of the generated project
 -t, --template TEMPLATE                    template to use for file creation (Defaultsfdx-project.json*)
 --json                                     JSON output
 --loglevel LOGLEVEL                        logging level for this command invocation (error*,trace,debug,info,warn,fatal)

Default values are used if the template, namespace, defaultpackagedir, and outputdir aren't supplied.
The outputdir can be an absolute path or relative to the current working directory.

Examples:
   $ sfdx force:project:create --projectname mywork
   $ sfdx force:project:create --projectname mywork --defaultpackagedir myapp
   $ sfdx force:project:create --projectname mywork --defaultpackagedir myapp --manifest


F:\Persdata\Dropbox\Trailhead DX>sfdx force:project:create-n AdvancedApexSpecialist
 !    force:project:create-n is not a sfdx command.
 !    Perhaps you meant force:project:create
 !    Run sfdx help force for a list of available topics.

F:\Persdata\Dropbox\Trailhead DX>sfdx force:project:create -n AdvancedApexSpecialist
target dir = F:\Persdata\Dropbox\Trailhead DX
   create AdvancedApexSpecialist\sfdx-project.json
   create AdvancedApexSpecialist\README.md
   create AdvancedApexSpecialist\.forceignore
   create AdvancedApexSpecialist\config\project-scratch-def.json


F:\Persdata\Dropbox\Trailhead DX>cd AdvancedApexSpecialist

F:\Persdata\Dropbox\Trailhead DX\AdvancedApexSpecialist>sfdx force:org:create -f config/project-scratch-def.json -a TempUnmanaged
Successfully created scratch org: 00D4E0000001Rx9UAE, username: test-zjisnynj1wlm@example.com

F:\Persdata\Dropbox\Trailhead DX\AdvancedApexSpecialist>sfdx force:org:open
ERROR:  No defaultusername org found.

Try this:
Run the "sfdx force:auth" commands with --setdefaultusername to connect to an org and set it as your default org.
Run "force:org:create" with --setdefaultusername to create a scratch org and set it as your default org.
Run "sfdx force:config:set defaultusername=<username>" to set your default username.

F:\Persdata\Dropbox\Trailhead DX\AdvancedApexSpecialist>sfdx force:org:display -u TempUnmanaged
=== Org Description
KEY              VALUE
───────────────  ────────────────────────────────────────────────────────────────────────────────────────────────────────────────
Access Token     00D4E0000001Rx9!ARcAQDpWtMDJbRyj_ymUsOh_D_s9cfRcSfKEQfn1MSw5Ark1q5yWJDvJBC2wdJjFtCqzN7mjHl.1ULvUc4X9SPQikd3Vt6Hv
Alias            TempUnmanaged
Client Id        SalesforceDevelopmentExperience
Created By       thierry.jorand@gmail.com
Created Date     2018-11-23T18:18:42.000+0000
Dev Hub Id       thierry.jorand@gmail.com
Edition          Developer
Expiration Date  2018-11-30
Id               00D4E0000001Rx9UAE
Instance Url     https://velocity-force-2101-dev-ed.cs83.my.salesforce.com/
Org Name         Demo Company
Status           Active
Username         test-zjisnynj1wlm@example.com

F:\Persdata\Dropbox\Trailhead DX\AdvancedApexSpecialist>sfdx force:user:password:generate -u TempUnmanaged
Successfully set the password "7P_L-r7hv(" for user test-zjisnynj1wlm@example.com.
You can see the password again by running "sfdx force:user:display -u test-zjisnynj1wlm@example.com".

F:\Persdata\Dropbox\Trailhead DX\AdvancedApexSpecialist>sfdx force:org:display -u TempUnmanaged
=== Org Description
KEY              VALUE
───────────────  ────────────────────────────────────────────────────────────────────────────────────────────────────────────────
Access Token     00D4E0000001Rx9!ARcAQDpWtMDJbRyj_ymUsOh_D_s9cfRcSfKEQfn1MSw5Ark1q5yWJDvJBC2wdJjFtCqzN7mjHl.1ULvUc4X9SPQikd3Vt6Hv
Alias            TempUnmanaged
Client Id        SalesforceDevelopmentExperience
Created By       thierry.jorand@gmail.com
Created Date     2018-11-23T18:18:42.000+0000
Dev Hub Id       thierry.jorand@gmail.com
Edition          Developer
Expiration Date  2018-11-30
Id               00D4E0000001Rx9UAE
Instance Url     https://velocity-force-2101-dev-ed.cs83.my.salesforce.com/
Org Name         Demo Company
Password         7P_L-r7hv(
Status           Active
Username         test-zjisnynj1wlm@example.com

F:\Persdata\Dropbox\Trailhead DX\AdvancedApexSpecialist>sfdx force:user:display -u test-zjisnynj1wlm@example.com
ERROR:  logger is not defined.

F:\Persdata\Dropbox\Trailhead DX\AdvancedApexSpecialist>sfdx force:user:display -u test-zjisnynj1wlm@example.com
ERROR:  logger is not defined.



F:\Persdata\Dropbox\Trailhead DX\AdvancedApexSpecialist>sfdx force:org:display -u TempUnmanaged
=== Org Description
KEY              VALUE
───────────────  ────────────────────────────────────────────────────────────────────────────────────────────────────────────────
Access Token     00D4E0000001Rx9!ARcAQDpWtMDJbRyj_ymUsOh_D_s9cfRcSfKEQfn1MSw5Ark1q5yWJDvJBC2wdJjFtCqzN7mjHl.1ULvUc4X9SPQikd3Vt6Hv
Alias            TempUnmanaged
Client Id        SalesforceDevelopmentExperience
Created By       thierry.jorand@gmail.com
Created Date     2018-11-23T18:18:42.000+0000
Dev Hub Id       thierry.jorand@gmail.com
Edition          Developer
Expiration Date  2018-11-30
Id               00D4E0000001Rx9UAE
Instance Url     https://velocity-force-2101-dev-ed.cs83.my.salesforce.com/
Org Name         Demo Company
Password         7P_L-r7hv(
Status           Active
Username         test-zjisnynj1wlm@example.com

// git init

F:\Persdata\Dropbox\Trailhead DX\AdvancedApexSpecialist>git init
Initialized empty Git repository in F:/Persdata/Dropbox/Trailhead DX/AdvancedApexSpecialist/.git/

F:\Persdata\Dropbox\Trailhead DX\AdvancedApexSpecialist>git remote add origin https://github.com/tjofr/AdvanceedApexSpecialist

F:\Persdata\Dropbox\Trailhead DX\AdvancedApexSpecialist>git add -A
warning: LF will be replaced by CRLF in .forceignore.
The file will have its original line endings in your working directory
warning: LF will be replaced by CRLF in README.md.
The file will have its original line endings in your working directory
warning: LF will be replaced by CRLF in config/project-scratch-def.json.
The file will have its original line endings in your working directory
warning: LF will be replaced by CRLF in sfdx-project.json.
The file will have its original line endings in your working directory

F:\Persdata\Dropbox\Trailhead DX\AdvancedApexSpecialist>git commit -m "Initial project"
[master (root-commit) c3b1b41] Initial project
 5 files changed, 200 insertions(+)
 create mode 100644 .forceignore
 create mode 100644 README.md
 create mode 100644 config/project-scratch-def.json
 create mode 100644 history.txt
 create mode 100644 sfdx-project.json

F:\Persdata\Dropbox\Trailhead DX\AdvancedApexSpecialist>git push origin master
remote: Repository not found.
fatal: repository 'https://github.com/tjofr/AdvanceedApexSpecialist/' not found

F:\Persdata\Dropbox\Trailhead DX\AdvancedApexSpecialist>git remote add origin https://github.com/tjofr/AdvanceedApexSpecialist.git
fatal: remote origin already exists.

F:\Persdata\Dropbox\Trailhead DX\AdvancedApexSpecialist>git remote add origin https://github.com/tjofr/AdvancedApexSpecialist.git
fatal: remote origin already exists.

F:\Persdata\Dropbox\Trailhead DX\AdvancedApexSpecialist>git remote remove origin

F:\Persdata\Dropbox\Trailhead DX\AdvancedApexSpecialist>git remote add origin https://github.com/tjofr/AdvancedApexSpecialist.git

F:\Persdata\Dropbox\Trailhead DX\AdvancedApexSpecialist>git push origin master
remote: Repository not found.
fatal: repository 'https://github.com/tjofr/AdvancedApexSpecialist.git/' not found

F:\Persdata\Dropbox\Trailhead DX\AdvancedApexSpecialist>git push origin master
Enumerating objects: 8, done.
Counting objects: 100% (8/8), done.
Delta compression using up to 8 threads
Compressing objects: 100% (8/8), done.
Writing objects: 100% (8/8), 2.69 KiB | 1.35 MiB/s, done.
Total 8 (delta 0), reused 0 (delta 0)
remote:
remote: Create a pull request for 'master' on GitHub by visiting:
remote:      https://github.com/tjofr/AdvancedApexSpecialist/pull/new/master
remote:
To https://github.com/tjofr/AdvancedApexSpecialist.git
 * [new branch]      master -> master

F:\Persdata\Dropbox\Trailhead DX\AdvancedApexSpecialist>


F:\Persdata\Dropbox\Trailhead DX\AdvancedApexSpecialist>

// installation de package ?ec=302&startURL=%2Fpackaging%2FinstallPackage.apexp%3Fp0%3D04tf4000001O5si

// Extract the package source
F:\Persdata\Dropbox\Trailhead DX\AdvancedApexSpecialist>mkdir mdapipackage

F:\Persdata\Dropbox\Trailhead DX\AdvancedApexSpecialist>sfdx force:mdapi:retrieve -s -r ./mdapipackage -p AdvancedApexSpecialistSupe
rbadge -u TempUnmanaged -w 10
Retrieving source...

=== Status
Status:  InProgress
jobid:  09S4E000001to1XUAQ


=== Result
Status:  Succeeded
jobid:  09S4E000001to1XUAQ

Wrote retrieve zip to F:\Persdata\Dropbox\Trailhead DX\AdvancedApexSpecialist\mdapipackage\unpackaged.zip.

F:\Persdata\Dropbox\Trailhead DX\AdvancedApexSpecialist>unzip unpackaged.zip -d .
unzip:  cannot find either unpackaged.zip or unpackaged.zip.zip.
Décompacter par 7-zip 
détruire unpackaged.zip


F:\Persdata\Dropbox\Trailhead DX\AdvancedApexSpecialist>

// Convert
F:\Persdata\Dropbox\Trailhead DX\AdvancedApexSpecialist>sfdx force:mdapi:convert -r mdapipackage/
=== Converted Source
STATE  FULL NAME                       TYPE               PROJECT PATH
─────  ──────────────────────────────  ─────────────────  ──────────────────────────────────────────────────────────────────────────
─────────
Add    New_Millennium_Delivery         CustomApplication  force-app\main\default\applications\New_Millennium_Delivery.app-meta.xml
Add    AnnouncementQueueable           ApexClass          force-app\main\default\classes\AnnouncementQueueable.cls-meta.xml
Add    AnnouncementQueueable           ApexClass          force-app\main\default\classes\AnnouncementQueueable.cls
Add    ChartHelper                     ApexClass          force-app\main\default\classes\ChartHelper.cls-meta.xml
Add    ChartHelper                     ApexClass          force-app\main\default\classes\ChartHelper.cls
Add    OrderExtension                  ApexClass          force-app\main\default\classes\OrderExtension.cls-meta.xml
Add    OrderExtension                  ApexClass          force-app\main\default\classes\OrderExtension.cls
Add    OrderHelper                     ApexClass          force-app\main\default\classes\OrderHelper.cls-meta.xml
Add    OrderHelper                     ApexClass          force-app\main\default\classes\OrderHelper.cls
Add    OrderTests                      ApexClass          force-app\main\default\classes\OrderTests.cls-meta.xml
Add    OrderTests                      ApexClass          force-app\main\default\classes\OrderTests.cls
Add    PackageTests                    ApexClass          force-app\main\default\classes\PackageTests.cls-meta.xml
Add    PackageTests                    ApexClass          force-app\main\default\classes\PackageTests.cls
Add    Product2Extension               ApexClass          force-app\main\default\classes\Product2Extension.cls-meta.xml
Add    Product2Extension               ApexClass          force-app\main\default\classes\Product2Extension.cls
Add    Product2Helper                  ApexClass          force-app\main\default\classes\Product2Helper.cls-meta.xml
Add    Product2Helper                  ApexClass          force-app\main\default\classes\Product2Helper.cls
Add    Product2Tests                   ApexClass          force-app\main\default\classes\Product2Tests.cls-meta.xml
Add    Product2Tests                   ApexClass          force-app\main\default\classes\Product2Tests.cls
Add    TestDataFactory                 ApexClass          force-app\main\default\classes\TestDataFactory.cls-meta.xml
Add    TestDataFactory                 ApexClass          force-app\main\default\classes\TestDataFactory.cls
Add    Product2.Initial_Inventory__c   CustomField        force-app\main\default\objects\Product2\fields\Initial_Inventory__c.field-meta.xml
Add    Product2.Quantity_Ordered__c    CustomField        force-app\main\default\objects\Product2\fields\Quantity_Ordered__c.field-meta.xml
Add    Product2.Quantity_Remaining__c  CustomField        force-app\main\default\objects\Product2\fields\Quantity_Remaining__c.field-meta.xml
Add    OrderEdit                       ApexPage           force-app\main\default\pages\OrderEdit.page-meta.xml
Add    OrderEdit                       ApexPage           force-app\main\default\pages\OrderEdit.page
Add    Product2New                     ApexPage           force-app\main\default\pages\Product2New.page-meta.xml
Add    Product2New                     ApexPage           force-app\main\default\pages\Product2New.page
Add    orderTrigger                    ApexTrigger        force-app\main\default\triggers\orderTrigger.trigger-meta.xml
Add    orderTrigger                    ApexTrigger        force-app\main\default\triggers\orderTrigger.trigger
Add    product2Trigger                 ApexTrigger        force-app\main\default\triggers\product2Trigger.trigger-meta.xml
Add    product2Trigger                 ApexTrigger        force-app\main\default\triggers\product2Trigger.trigger

F:\Persdata\Dropbox\Trailhead DX\AdvancedApexSpecialist>

// create a permission set named AdvancedApexSpecialistSuperbadge 
// enable the New Millennium Delivery (New_Millennium_Delivery) App 

// extract in source
F:\Persdata\Dropbox\Trailhead DX\AdvancedApexSpecialist>sfdx force:source:pull -u TempUnmanaged
=== Pulled Source
STATE  FULL NAME                         TYPE           PROJECT PATH
─────  ────────────────────────────────  ─────────────  ─────────────────────────────────────────────────────────────────────────────────────────────
Add    AdvancedApexSpecialistSuperbadge  PermissionSet  force-app\main\default\permissionsets\AdvancedApexSpecialistSuperbadge.permissionset-meta.xml

F:\Persdata\Dropbox\Trailhead DX\AdvancedApexSpecialist>

// remove mdapi package
// delete TempUnmanaged
F:\Persdata\Dropbox\Trailhead DX\AdvancedApexSpecialist>sfdx force:org:delete -u TempUnmanaged
Enqueue scratch org with name: TempUnmanaged for deletion?  Are you sure (y/n)?: y
Successfully marked scratch org TempUnmanaged for deletion

F:\Persdata\Dropbox\Trailhead DX\AdvancedApexSpecialist>

// create a scratch org default for this project
F:\Persdata\Dropbox\Trailhead DX\AdvancedApexSpecialist>sfdx force:org:create -s -f config/project-scratch-def.json
Successfully created scratch org: 00D4E0000001RxnUAE, username: test-wtt8pll8phha@example.com

F:\Persdata\Dropbox\Trailhead DX\AdvancedApexSpecialist>sfdx force:source:push
=== Pushed Source
STATE  FULL NAME                         TYPE               PROJECT PATH
─────  ────────────────────────────────  ─────────────────  ────────────────────────────────────────────────────────────────────────
─────────────────────
Add    New_Millennium_Delivery           CustomApplication  force-app\main\default\applications\New_Millennium_Delivery.app-meta.xml
Add    AnnouncementQueueable             ApexClass          force-app\main\default\classes\AnnouncementQueueable.cls
Add    AnnouncementQueueable             ApexClass          force-app\main\default\classes\AnnouncementQueueable.cls-meta.xml
Add    ChartHelper                       ApexClass          force-app\main\default\classes\ChartHelper.cls
Add    ChartHelper                       ApexClass          force-app\main\default\classes\ChartHelper.cls-meta.xml
Add    OrderExtension                    ApexClass          force-app\main\default\classes\OrderExtension.cls
Add    OrderExtension                    ApexClass          force-app\main\default\classes\OrderExtension.cls-meta.xml
Add    OrderHelper                       ApexClass          force-app\main\default\classes\OrderHelper.cls
Add    OrderHelper                       ApexClass          force-app\main\default\classes\OrderHelper.cls-meta.xml
Add    OrderTests                        ApexClass          force-app\main\default\classes\OrderTests.cls
Add    OrderTests                        ApexClass          force-app\main\default\classes\OrderTests.cls-meta.xml
Add    PackageTests                      ApexClass          force-app\main\default\classes\PackageTests.cls
Add    PackageTests                      ApexClass          force-app\main\default\classes\PackageTests.cls-meta.xml
Add    Product2Extension                 ApexClass          force-app\main\default\classes\Product2Extension.cls
Add    Product2Extension                 ApexClass          force-app\main\default\classes\Product2Extension.cls-meta.xml
Add    Product2Helper                    ApexClass          force-app\main\default\classes\Product2Helper.cls
Add    Product2Helper                    ApexClass          force-app\main\default\classes\Product2Helper.cls-meta.xml
Add    Product2Tests                     ApexClass          force-app\main\default\classes\Product2Tests.cls
Add    Product2Tests                     ApexClass          force-app\main\default\classes\Product2Tests.cls-meta.xml
Add    TestDataFactory                   ApexClass          force-app\main\default\classes\TestDataFactory.cls
Add    TestDataFactory                   ApexClass          force-app\main\default\classes\TestDataFactory.cls-meta.xml
Add    Product2.Initial_Inventory__c     CustomField        force-app\main\default\objects\Product2\fields\Initial_Inventory__c.field-meta.xml
Add    Product2.Quantity_Ordered__c      CustomField        force-app\main\default\objects\Product2\fields\Quantity_Ordered__c.field-meta.xml
Add    Product2.Quantity_Remaining__c    CustomField        force-app\main\default\objects\Product2\fields\Quantity_Remaining__c.field-meta.xml
Add    OrderEdit                         ApexPage           force-app\main\default\pages\OrderEdit.page
Add    OrderEdit                         ApexPage           force-app\main\default\pages\OrderEdit.page-meta.xml
Add    Product2New                       ApexPage           force-app\main\default\pages\Product2New.page
Add    Product2New                       ApexPage           force-app\main\default\pages\Product2New.page-meta.xml
Add    AdvancedApexSpecialistSuperbadge  PermissionSet      force-app\main\default\permissionsets\AdvancedApexSpecialistSuperbadge.permissionset-meta.xml
Add    orderTrigger                      ApexTrigger        force-app\main\default\triggers\orderTrigger.trigger
Add    orderTrigger                      ApexTrigger        force-app\main\default\triggers\orderTrigger.trigger-meta.xml
Add    product2Trigger                   ApexTrigger        force-app\main\default\triggers\product2Trigger.trigger
Add    product2Trigger                   ApexTrigger        force-app\main\default\triggers\product2Trigger.trigger-meta.xml

F:\Persdata\Dropbox\Trailhead DX\AdvancedApexSpecialist>sfdx force:user:permset:assign -n AdvancedApexSpecialistSuperbadge
=== Permsets Assigned
USERNAME                       PERMISSION SET ASSIGNMENT
─────────────────────────────  ────────────────────────────────
test-wtt8pll8phha@example.com  AdvancedApexSpecialistSuperbadge

F:\Persdata\Dropbox\Trailhead DX\AdvancedApexSpecialist>sfdx force:org:open
Access org 00D4E0000001RxnUAE as user test-wtt8pll8phha@example.com with the following URL: https://enterprise-platform-7168-dev-ed.
cs83.my.salesforce.com//secur/frontdoor.jsp?sid=00D4E0000001Rxn!ARcAQA4EDXUZxEqpNGlQjnDJMxMCQh_SG.SkhA8E88tr3w4IP.URXDRS.292J9tTtECG
I4AEmAoAyENMqnAYLIoEGW16rLo6

F:\Persdata\Dropbox\Trailhead DX\AdvancedApexSpecialist>
F:\Persdata\Dropbox\Trailhead DX\AdvancedApexSpecialist\force-app\main\default\classes>dir
 Le volume dans le lecteur F s’appelle Work
 Le numéro de série du volume est B4DB-4244

 Répertoire de F:\Persdata\Dropbox\Trailhead DX\AdvancedApexSpecialist\force-app\main\default\classes

23/11/2018  23:26    <REP>          .
23/11/2018  23:26    <REP>          ..
23/11/2018  23:26             1 141 AnnouncementQueueable.cls
23/11/2018  23:26               174 AnnouncementQueueable.cls-meta.xml
23/11/2018  23:26               662 ChartHelper.cls
23/11/2018  23:26               174 ChartHelper.cls-meta.xml
23/11/2018  23:26             3 042 OrderExtension.cls
23/11/2018  23:26               174 OrderExtension.cls-meta.xml
23/11/2018  23:26             1 310 OrderHelper.cls
23/11/2018  23:26               174 OrderHelper.cls-meta.xml
23/11/2018  23:26                56 OrderTests.cls
23/11/2018  23:26               174 OrderTests.cls-meta.xml
23/11/2018  23:26             4 691 PackageTests.cls
23/11/2018  23:26               174 PackageTests.cls-meta.xml
23/11/2018  23:26               886 Product2Extension.cls
23/11/2018  23:26               174 Product2Extension.cls-meta.xml
23/11/2018  23:26             1 980 Product2Helper.cls
23/11/2018  23:26               174 Product2Helper.cls-meta.xml
23/11/2018  23:26               392 Product2Tests.cls
23/11/2018  23:26               174 Product2Tests.cls-meta.xml
23/11/2018  23:26             3 480 TestDataFactory.cls
23/11/2018  23:26               174 TestDataFactory.cls-meta.xml
              20 fichier(s)           19 380 octets
               2 Rép(s)  94 392 782 848 octets libres

F:\Persdata\Dropbox\Trailhead DX\AdvancedApexSpecialist\force-app\main\default\classes>type PackageTests.cls
/**
 * @name PackageTests
 * @description This class provide test coverage for code included in the unmanaged package
**/
@isTest
private class PackageTests {


    /**
     * @name chartHelper_UnitTest
     * @description Test coverage for the packaged version of the chartHelper class
    **/
    static TestMethod void chartHelper_UnitTest(){
        chartHelper.chartData c = new chartHelper.chartData('test',1);
    }

    /**
     * @name orderTrigger_UnitTest
     * @description Test coverage for the packaged version of the orderTrigger and orderHelper class
    **/
    static TestMethod void orderTrigger_UnitTest(){
        Test.startTest();
            Id standardPricebookId = test.getStandardPricebookId();
            orderHelper.afterUpdate(new List<Order>(), new List<Order>());
            orderHelper.rollUpOrderItems(new Set<Id>());
            Product2 testProduct = new Product2(Name='Test',isActive=true,Family='Entree',Initial_Inventory__c=21);
            insert testProduct;
            PricebookEntry testPricebookEntry = new PricebookEntry(Product2Id=testProduct.Id,Pricebook2Id=standardPricebookId,UnitP
ice=1);
            insert testPricebookEntry;

            testProduct.Quantity_Ordered__c = 1;
            update testProduct;

            Account testAccount = new Account(Name='Test');
            insert testAccount;

            Order testOrder = new Order();
            testOrder.AccountId = testAccount.Id;
            testOrder.EffectiveDate = date.newInstance(2017,1,1);
            testOrder.Status = 'Draft';
            testOrder.Pricebook2Id = standardPricebookId;
            insert testOrder;

            OrderItem testOrderItem = new OrderItem();
            testOrderItem.OrderId = testOrder.Id;
            testOrderItem.PricebookEntryId = testPricebookEntry.Id;
            testOrderItem.Quantity = 1;
            testOrderItem.UnitPrice = 1;
            insert testOrderItem;

            delete testOrder;
            undelete testOrder;

            testOrder.Status = 'Activated';
            update testOrder;
        Test.stopTest();
    }

    /**
     * @name product2Helper_UnitTest
     * @description Test coverage for the packaged version of the product2Helper class
    **/
    static TestMethod void product2Helper_UnitTest(){
        Test.startTest();
            Product2 testProduct = new product2(Name='Test',Family='Entree',Initial_Inventory__c=0);
            insert testProduct;
            product2Helper.afterUpdate();
            product2Helper.postAlerts(new List<Product2>{testProduct});
        Test.stopTest();
    }

    /**
     * @name product2Extension_UnitTest
     * @description Test coverage for the packaged version of the product2Extension class
    **/
    static TestMethod void product2Extension_UnitTest(){
        Test.startTest();
            product2Extension ext = new product2Extension();
            ext.getInventory();
            ext.addRows();
            ext.save();
        Test.stopTest();
    }

    /**
     * @name announcementQueueable_UnitTest
     * @description Test coverage for the packaged version of the announcementQueueable class
    **/
    static TestMethod void announcementQueueable_UnitTest(){
        Test.startTest();
            List<ConnectApi.AnnouncementInput> announcements = new List<ConnectApi.AnnouncementInput>();
            announcementQueueable cls = new announcementQueueable();
            cls.toPost = announcements;
            try {
                announcementQueueable.postAnnouncements(announcements);
            } catch ( Exception e ){

            }
        Test.stopTest();
    }

    /**
     * @name orderExtension_UnitTest
     * @description Test coverage for the packaged version of the orderExtension
    **/
    static TestMethod void orderExtension_UnitTest(){
        Test.startTest();
            Account testAccount = new Account(Name='Test');
            insert testAccount;
            Contact testContact = new Contact(LastName='Test',AccountId=testAccount.Id);
            insert testContact;
            Order testOrder = new Order(AccountId=testAccount.Id,EffectiveDate=system.today(),Status='Draft');
            insert testOrder;
            orderExtension ext = new orderExtension(new ApexPages.standardController(testOrder));
            ext.getFamilyOptions();
            ext.onFieldChange();
            ext.save();
            ext.selectFamily();
            ext.first();
            ext.next();
            ext.previous();
            ext.last();
            ext.getHasPrevious();
            ext.getHasNext();
            ext.getTotalPages();
            ext.getPageNumber();
        Test.stopTest();
    }

}
F:\Persdata\Dropbox\Trailhead DX\AdvancedApexSpecialist\force-app\main\default\classes>sfdx force:source:push
=== Pushed Source
STATE    FULL NAME     TYPE       PROJECT PATH
───────  ────────────  ─────────  ────────────────────────────────────────────────────────
Deleted  PackageTests  ApexClass  force-app\main\default\classes\PackageTests.cls
Deleted  PackageTests  ApexClass  force-app\main\default\classes\PackageTests.cls-meta.xml

F:\Persdata\Dropbox\Trailhead DX\AdvancedApexSpecialist\force-app\main\default\classes>git add -A
warning: LF will be replaced by CRLF in .sfdx/orgs/test-wtt8pll8phha@example.com/metadataTypeInfos.json.
The file will have its original line endings in your working directory
warning: LF will be replaced by CRLF in .sfdx/orgs/test-wtt8pll8phha@example.com/sourcePathInfos.json.
The file will have its original line endings in your working directory
warning: LF will be replaced by CRLF in .sfdx/orgs/test-wtt8pll8phha@example.com/sourcePathInfos.json.bak.
The file will have its original line endings in your working directory

F:\Persdata\Dropbox\Trailhead DX\AdvancedApexSpecialist\force-app\main\default\classes>git commit -m "remove PackageTest"
[master b57c634] remove PackageTest
 4 files changed, 267 insertions(+), 307 deletions(-)
 delete mode 100644 force-app/main/default/classes/PackageTests.cls
 delete mode 100644 force-app/main/default/classes/PackageTests.cls-meta.xml

F:\Persdata\Dropbox\Trailhead DX\AdvancedApexSpecialist\force-app\main\default\classes>git status
On branch master
Untracked files:
  (use "git add <file>..." to include in what will be committed)

        ../../../../.sfdx/tools/
        ../../../../.vscode/
        Constants.cls
        Constants.cls-meta.xml

nothing added to commit but untracked files present (use "git add" to track)

F:\Persdata\Dropbox\Trailhead DX\AdvancedApexSpecialist\force-app\main\default\classes>git add -A
warning: LF will be replaced by CRLF in force-app/main/default/classes/Constants.cls.
The file will have its original line endings in your working directory
warning: LF will be replaced by CRLF in force-app/main/default/classes/Constants.cls-meta.xml.
The file will have its original line endings in your working directory

F:\Persdata\Dropbox\Trailhead DX\AdvancedApexSpecialist\force-app\main\default\classes>git status
On branch master
Changes to be committed:
  (use "git reset HEAD <file>..." to unstage)

        new file:   ../../../../.sfdx/tools/apex.db
        new file:   ../../../../.vscode/settings.json
        new file:   Constants.cls
        new file:   Constants.cls-meta.xml

Changes not staged for commit:
  (use "git add <file>..." to update what will be committed)
  (use "git checkout -- <file>..." to discard changes in working directory)

        modified:   ../../../../.sfdx/tools/apex.db


F:\Persdata\Dropbox\Trailhead DX\AdvancedApexSpecialist\force-app\main\default\classes>sfdx force:source:push
PROJECT PATH                                  ERROR
────────────────────────────────────────────  ────────────────────────────────────────────────────
force-app\main\default\classes\Constants.cls  Variable does not exist: Product2.Country__c (27:50)

F:\Persdata\Dropbox\Trailhead DX\AdvancedApexSpecialist\force-app\main\default\classes>sfdx force:source:push
=== Pushed Source
STATE  FULL NAME  TYPE       PROJECT PATH
─────  ─────────  ─────────  ─────────────────────────────────────────────────────
Add    Constants  ApexClass  force-app\main\default\classes\Constants.cls
Add    Constants  ApexClass  force-app\main\default\classes\Constants.cls-meta.xml

F:\Persdata\Dropbox\Trailhead DX\AdvancedApexSpecialist\force-app\main\default\classes>git add -A
warning: LF will be replaced by CRLF in .sfdx/orgs/test-wtt8pll8phha@example.com/metadataTypeInfos.json.
The file will have its original line endings in your working directory
warning: LF will be replaced by CRLF in .sfdx/orgs/test-wtt8pll8phha@example.com/sourcePathInfos.json.
The file will have its original line endings in your working directory
warning: LF will be replaced by CRLF in .sfdx/orgs/test-wtt8pll8phha@example.com/sourcePathInfos.json.bak.
The file will have its original line endings in your working directory
warning: LF will be replaced by CRLF in force-app/main/default/classes/Constants.cls.
The file will have its original line endings in your working directory

F:\Persdata\Dropbox\Trailhead DX\AdvancedApexSpecialist\force-app\main\default\classes>git commit -m "Constants created"
[master dc09f50] Constants created
 6 files changed, 121 insertions(+), 81 deletions(-)
 create mode 100644 .sfdx/tools/apex.db
 create mode 100644 .vscode/settings.json
 create mode 100644 force-app/main/default/classes/Constants.cls
 create mode 100644 force-app/main/default/classes/Constants.cls-meta.xml

F:\Persdata\Dropbox\Trailhead DX\AdvancedApexSpecialist\force-app\main\default\classes>


F:\Persdata\Dropbox\Trailhead DX\AdvancedApexSpecialist>git push origin master
Enumerating objects: 36, done.
Counting objects: 100% (36/36), done.
Delta compression using up to 8 threads
Compressing objects: 100% (20/20), done.
Writing objects: 100% (26/26), 624.38 KiB | 2.49 MiB/s, done.
Total 26 (delta 10), reused 0 (delta 0)
remote: Resolving deltas: 100% (10/10), completed with 5 local objects.
To https://github.com/tjofr/AdvancedApexSpecialist.git
   68e023d..dc09f50  master -> master

F:\Persdata\Dropbox\Trailhead DX\AdvancedApexSpecialist>sfdx force:org:pull
 !    force:org:pull is not a sfdx command.
 !    Perhaps you meant force:org
 !    Run sfdx help force for a list of available topics.

F:\Persdata\Dropbox\Trailhead DX\AdvancedApexSpecialist>sfdx force:source:pull
=== Pulled Source
STATE  FULL NAME                                        TYPE            PROJECT PATH
─────  ───────────────────────────────────────────────  ──────────────  ─────────────────────────────────────────────────────────────────────────────────────────────────
Add    CustomLabels                                     CustomLabels    force-app\main\default\labels\CustomLabels.labels-meta.xml
Add    Inventory_Setting__mdt                           CustomObject    force-app\main\default\objects\Inventory_Setting__mdt\Inventory_Setting__mdt.object-meta.xml
Add    Inventory_Setting__mdt.Low_Quantity_Alert__c     CustomField     force-app\main\default\objects\Inventory_Setting__mdt\fields\Low_Quantity_Alert__c.field-meta.xml
Add    Inventory_Setting__mdt-Inventory Setting Layout  Layout          force-app\main\default\layouts\Inventory_Setting__mdt-Inventory Setting Layout.layout-meta.xml
Add    Custom%3A Marketing Profile                      Profile         force-app\main\default\profiles\Custom%3A Marketing Profile.profile-meta.xml
Add    Custom%3A Support Profile                        Profile         force-app\main\default\profiles\Custom%3A Support Profile.profile-meta.xml
Add    Admin                                            Profile         force-app\main\default\profiles\Admin.profile-meta.xml
Add    Custom%3A Sales Profile                          Profile         force-app\main\default\profiles\Custom%3A Sales Profile.profile-meta.xml
Add    Inventory_Setting.Beverage                       CustomMetadata  force-app\main\default\customMetadata\Inventory_Setting.Beverage.md-meta.xml
Add    Inventory_Setting.Side                           CustomMetadata  force-app\main\default\customMetadata\Inventory_Setting.Side.md-meta.xml
Add    Inventory_Setting.Dessert                        CustomMetadata  force-app\main\default\customMetadata\Inventory_Setting.Dessert.md-meta.xml
Add    Inventory_Setting.Entree                         CustomMetadata  force-app\main\default\customMetadata\Inventory_Setting.Entree.md-meta.xml

F:\Persdata\Dropbox\Trailhead DX\AdvancedApexSpecialist>git add -A
warning: LF will be replaced by CRLF in .sfdx/orgs/test-wtt8pll8phha@example.com/metadataTypeInfos.json.
The file will have its original line endings in your working directory
warning: LF will be replaced by CRLF in .sfdx/orgs/test-wtt8pll8phha@example.com/sourcePathInfos.json.
The file will have its original line endings in your working directory
warning: LF will be replaced by CRLF in force-app/main/default/customMetadata/Inventory_Setting.Beverage.md-meta.xml.
The file will have its original line endings in your working directory
warning: LF will be replaced by CRLF in force-app/main/default/customMetadata/Inventory_Setting.Dessert.md-meta.xml.
The file will have its original line endings in your working directory
warning: LF will be replaced by CRLF in force-app/main/default/customMetadata/Inventory_Setting.Entree.md-meta.xml.
The file will have its original line endings in your working directory
warning: LF will be replaced by CRLF in force-app/main/default/customMetadata/Inventory_Setting.Side.md-meta.xml.
The file will have its original line endings in your working directory
warning: LF will be replaced by CRLF in force-app/main/default/labels/CustomLabels.labels-meta.xml.
The file will have its original line endings in your working directory
warning: LF will be replaced by CRLF in force-app/main/default/layouts/Inventory_Setting__mdt-Inventory Setting Layout.layout-meta.xml.
The file will have its original line endings in your working directory
warning: LF will be replaced by CRLF in force-app/main/default/objects/Inventory_Setting__mdt/Inventory_Setting__mdt.object-meta.xml.
The file will have its original line endings in your working directory
warning: LF will be replaced by CRLF in force-app/main/default/objects/Inventory_Setting__mdt/fields/Low_Quantity_Alert__c.field-meta.xml.
The file will have its original line endings in your working directory
warning: LF will be replaced by CRLF in force-app/main/default/profiles/Admin.profile-meta.xml.
The file will have its original line endings in your working directory
warning: LF will be replaced by CRLF in force-app/main/default/profiles/Custom%3A Marketing Profile.profile-meta.xml.
The file will have its original line endings in your working directory
warning: LF will be replaced by CRLF in force-app/main/default/profiles/Custom%3A Sales Profile.profile-meta.xml.
The file will have its original line endings in your working directory
warning: LF will be replaced by CRLF in force-app/main/default/profiles/Custom%3A Support Profile.profile-meta.xml.
The file will have its original line endings in your working directory

F:\Persdata\Dropbox\Trailhead DX\AdvancedApexSpecialist>git commit -m "Custom Metadata"
[master 618613f] Custom Metadata
 15 files changed, 1978 insertions(+), 32 deletions(-)
 create mode 100644 force-app/main/default/customMetadata/Inventory_Setting.Beverage.md-meta.xml
 create mode 100644 force-app/main/default/customMetadata/Inventory_Setting.Dessert.md-meta.xml
 create mode 100644 force-app/main/default/customMetadata/Inventory_Setting.Entree.md-meta.xml
 create mode 100644 force-app/main/default/customMetadata/Inventory_Setting.Side.md-meta.xml
 create mode 100644 force-app/main/default/labels/CustomLabels.labels-meta.xml
 create mode 100644 force-app/main/default/layouts/Inventory_Setting__mdt-Inventory Setting Layout.layout-meta.xml
 create mode 100644 force-app/main/default/objects/Inventory_Setting__mdt/Inventory_Setting__mdt.object-meta.xml
 create mode 100644 force-app/main/default/objects/Inventory_Setting__mdt/fields/Low_Quantity_Alert__c.field-meta.xml
 create mode 100644 force-app/main/default/profiles/Admin.profile-meta.xml
 create mode 100644 force-app/main/default/profiles/Custom%3A Marketing Profile.profile-meta.xml
 create mode 100644 force-app/main/default/profiles/Custom%3A Sales Profile.profile-meta.xml
 create mode 100644 force-app/main/default/profiles/Custom%3A Support Profile.profile-meta.xml

F:\Persdata\Dropbox\Trailhead DX\AdvancedApexSpecialist>

rem create package
F:\Persdata\Dropbox\Trailhead DX\AdvancedApexSpecialist>sfdx force:package:create --name AdvancedApexSpecialist --description "Superbage package Advanced Apex Specialist" --nonamespace --packagetype Unlocked --path force-app
sfdx-project.json has been updated.
Successfully created a package. 0Ho2I0000004C9ISAU
=== Ids
NAME        VALUE
──────────  ──────────────────
Package Id  0Ho2I0000004C9ISAU

rem create scratch org to test package
F:\Persdata\Dropbox\Trailhead DX\AdvancedApexSpecialist>
F:\Persdata\Dropbox\Trailhead DX\AdvancedApexSpecialist>sfdx force:org:create --definitionfile config/project-scratch-def.json --durationdays 30 --setalias TestPackage


Successfully created scratch org: 00D0E0000001dQJUAY, username: test-xxsi6mnbxhfw@example.com

F:\Persdata\Dropbox\Trailhead DX\AdvancedApexSpecialist>
rem update sfdx-project.json to 1.0 instead 0.1
rem create package version
F:\Persdata\Dropbox\Trailhead DX\AdvancedApexSpecialist>sfdx force:package:version:create -p AdvancedApexSpecialist -d force-app -k
test1234 --wait 10
Request in progress. Sleeping 30 seconds. Will wait a total of 600 more seconds before timing out. Current Status='InProgress'
Request in progress. Sleeping 30 seconds. Will wait a total of 570 more seconds before timing out. Current Status='InProgress'
Request in progress. Sleeping 30 seconds. Will wait a total of 540 more seconds before timing out. Current Status='InProgress'
Request in progress. Sleeping 30 seconds. Will wait a total of 510 more seconds before timing out. Current Status='InProgress'
sfdx-project.json has been updated.
Successfully created the package version [08c2I0000004C9DQAU]. Subscriber Package Version Id: 04t2I000000T4RiQAK.
Package Installation URL: https://login.salesforce.com/packaging/installPackage.apexp?p0=04t2I000000T4RiQAK
As an alternative, you can use the "sfdx force:package:install" command.

F:\Persdata\Dropbox\Trailhead DX\AdvancedApexSpecialist>

REm Install package version
F:\Persdata\Dropbox\Trailhead DX\AdvancedApexSpecialist>sfdx force:package:install --wait 10 --publishwait 10 --package AdvancedApexSpecialist@1.0.0-1  -k test1234 -r -u TestPackage
Waiting for the package install request to complete. Status = IN_PROGRESS
Waiting for the package install request to complete. Status = IN_PROGRESS
Waiting for the package install request to complete. Status = IN_PROGRESS
Waiting for the package install request to complete. Status = IN_PROGRESS
Successfully installed package [04t2I000000T4RiQAK]

F:\Persdata\Dropbox\Trailhead DX\AdvancedApexSpecialist>

REM Open scratch org Testpackage and check package installation
F:\Persdata\Dropbox\Trailhead DX\AdvancedApexSpecialist>sfdx force:org:open -u TestPackage
Access org 00D0E0000001dQJUAY as user test-xxsi6mnbxhfw@example.com with the following URL: https://app-platform-2181-dev-ed.cs89.my.salesforce.com//secur/frontdoor.jsp?sid=00D0E0000001dQJ!AQUAQM4gdeeHZo59XwzpIrbU.eogFytJGU3TIN2jV_344SYmZBjfJOUhbbUwnEUIEXRzkGQBz2iSrzXR0O9P8DWDeJRcwSw4

rem log to tp
F:\Persdata\Dropbox\Trailhead DX\AdvancedApexSpecialist>sfdx force:auth:web:login -a ApexAdvancedSpecialistTP 
Successfully authorized thierry.jorand@resourceful-badger-mqqqfk.com with org ID 00D1t000000sewREAQ
You may now close the browser

F:\Persdata\Dropbox\Trailhead DX\AdvancedApexSpecialist>
rem install package version in TP ApexAdvancedSpecialistTP
F:\Persdata\Dropbox\Trailhead DX\AdvancedApexSpecialist>sfdx force:package:install --wait 10 --publishwait 10 --package AdvancedApexSpecialist@1.0.0-1  -k test1234 -r -u ApexAdvancedSpecialistTP
Waiting for the package install request to complete. Status = IN_PROGRESS
Waiting for the package install request to complete. Status = IN_PROGRESS
Waiting for the package install request to complete. Status = IN_PROGRESS
Successfully installed package [04t2I000000T4RiQAK]


rem git management 
F:\Persdata\Dropbox\Trailhead DX\AdvancedApexSpecialist>git config --global alias.hist "log --pretty=format:'%h %ad | %s%d [%an]' --
graph --date=short"

F:\Persdata\Dropbox\Trailhead DX\AdvancedApexSpecialist>git hist
* 618613f 2018-11-28 | Custom Metadata (HEAD -> master) [Thierry Jorand]
* dc09f50 2018-11-27 | Constants created (origin/master) [Thierry Jorand]
* b57c634 2018-11-27 | remove PackageTest [Thierry Jorand]
* 68e023d 2018-11-27 | Prework + nocache + Product LV [Thierry Jorand]
* 992363a 2018-11-23 | ApexSuperBadge package installed [Thierry Jorand]
* c3b1b41 2018-11-23 | Initial project [Thierry Jorand]

F:\Persdata\Dropbox\Trailhead DX\AdvancedApexSpecialist>git add -A
warning: LF will be replaced by CRLF in sfdx-project.json.
The file will have its original line endings in your working directory
warning: LF will be replaced by CRLF in .sfdx/orgs/thierry.jorand@gmail.com/metadataTypeInfos.json.
The file will have its original line endings in your working directory

F:\Persdata\Dropbox\Trailhead DX\AdvancedApexSpecialist>git commit -m "AdvancedApexSpecialist@1.0.0-1 package in TP"
[master 1d6e892] AdvancedApexSpecialist@1.0.0-1 package in TP
 4 files changed, 5684 insertions(+), 11 deletions(-)
 create mode 100644 .sfdx/orgs/thierry.jorand@gmail.com/metadataTypeInfos.json
 rewrite .sfdx/tools/apex.db (64%)
 rewrite sfdx-project.json (95%)

F:\Persdata\Dropbox\Trailhead DX\AdvancedApexSpecialist>git push origin master
Enumerating objects: 53, done.
Counting objects: 100% (53/53), done.
Delta compression using up to 8 threads
Compressing objects: 100% (34/34), done.
Writing objects: 100% (38/38), 547.70 KiB | 2.62 MiB/s, done.
Total 38 (delta 14), reused 0 (delta 0)
remote: Resolving deltas: 100% (14/14), completed with 6 local objects.
To https://github.com/tjofr/AdvancedApexSpecialist.git
   dc09f50..1d6e892  master -> master

F:\Persdata\Dropbox\Trailhead DX\AdvancedApexSpecialist>git hist
* 1d6e892 2018-11-28 | AdvancedApexSpecialist@1.0.0-1 package in TP (HEAD -> master, origin/master) [Thierry Jorand]
* 618613f 2018-11-28 | Custom Metadata [Thierry Jorand]
* dc09f50 2018-11-27 | Constants created [Thierry Jorand]
* b57c634 2018-11-27 | remove PackageTest [Thierry Jorand]
* 68e023d 2018-11-27 | Prework + nocache + Product LV [Thierry Jorand]
* 992363a 2018-11-23 | ApexSuperBadge package installed [Thierry Jorand]
* c3b1b41 2018-11-23 | Initial project [Thierry Jorand]

F:\Persdata\Dropbox\Trailhead DX\AdvancedApexSpecialist>git add -A
warning: LF will be replaced by CRLF in force-app/main/default/classes/Constants.cls.
The file will have its original line endings in your working directory

F:\Persdata\Dropbox\Trailhead DX\AdvancedApexSpecialist>git commit -m "Fix Ensure that you create the DEFAULT_ROWS constant and that
 it is an immutable property."
[master f066f0d] Fix Ensure that you create the DEFAULT_ROWS constant and that it is an immutable property.
 1 file changed, 5 insertions(+), 5 deletions(-)

F:\Persdata\Dropbox\Trailhead DX\AdvancedApexSpecialist>sfdx force:source:push
PROJECT PATH                                  ERROR
────────────────────────────────────────────  ────────────────────────────────────────────────────────────────────────────────────────────────────────────
force-app\main\default\classes\Constants.cls  Final members can only be assigned in their declaration, init blocks, or constructors:
 PRODUCT_FAMILY (28:9)

F:\Persdata\Dropbox\Trailhead DX\AdvancedApexSpecialist>sfdx force:source:push
=== Pushed Source
STATE    FULL NAME  TYPE       PROJECT PATH
───────  ─────────  ─────────  ────────────────────────────────────────────
Changed  Constants  ApexClass  force-app\main\default\classes\Constants.cls

F:\Persdata\Dropbox\Trailhead DX\AdvancedApexSpecialist>git add -A
warning: LF will be replaced by CRLF in .sfdx/orgs/test-wtt8pll8phha@example.com/metadataTypeInfos.json.
The file will have its original line endings in your working directory
warning: LF will be replaced by CRLF in .sfdx/orgs/test-wtt8pll8phha@example.com/sourcePathInfos.json.
The file will have its original line endings in your working directory
warning: LF will be replaced by CRLF in .sfdx/orgs/test-wtt8pll8phha@example.com/sourcePathInfos.json.bak.
The file will have its original line endings in your working directory
warning: LF will be replaced by CRLF in force-app/main/default/classes/Constants.cls.
The file will have its original line endings in your working directory

F:\Persdata\Dropbox\Trailhead DX\AdvancedApexSpecialist>git commit -m "Fix Ensure that you create the DEFAULT_ROWS constant and that
 it is an immutable property."
[master 57a29df] Fix Ensure that you create the DEFAULT_ROWS constant and that it is an immutable property.
 3 files changed, 341 insertions(+), 98 deletions(-)

F:\Persdata\Dropbox\Trailhead DX\AdvancedApexSpecialist>

REM create package version

F:\Persdata\Dropbox\Trailhead DX\AdvancedApexSpecialist>sfdx force:package:version:create -p AdvancedApexSpecialist -d force-app -k
test1234 --wait 10
Request in progress. Sleeping 30 seconds. Will wait a total of 600 more seconds before timing out. Current Status='Queued'
Request in progress. Sleeping 30 seconds. Will wait a total of 570 more seconds before timing out. Current Status='InProgress'
Request in progress. Sleeping 30 seconds. Will wait a total of 540 more seconds before timing out. Current Status='InProgress'
Request in progress. Sleeping 30 seconds. Will wait a total of 510 more seconds before timing out. Current Status='InProgress'
Request in progress. Sleeping 30 seconds. Will wait a total of 480 more seconds before timing out. Current Status='InProgress'
Request in progress. Sleeping 30 seconds. Will wait a total of 450 more seconds before timing out. Current Status='InProgress'
sfdx-project.json has been updated.
Successfully created the package version [08c2I0000004C9IQAU]. Subscriber Package Version Id: 04t2I000000T4RnQAK.
Package Installation URL: https://login.salesforce.com/packaging/installPackage.apexp?p0=04t2I000000T4RnQAK
As an alternative, you can use the "sfdx force:package:install" command.

rem install in TP

F:\Persdata\Dropbox\Trailhead DX\AdvancedApexSpecialist>sfdx force:package:install --wait 10 --publishwait 10 --package AdvancedApex
Specialist@1.0.0-2  -k test1234 -r -u ApexAdvancedSpecialistTP
Waiting for the Subscriber Package Version ID to be published to the target org.
Waiting for the Subscriber Package Version ID to be published to the target org.
Waiting for the Subscriber Package Version ID to be published to the target org.
Waiting for the Subscriber Package Version ID to be published to the target org.
Waiting for the Subscriber Package Version ID to be published to the target org.
Waiting for the Subscriber Package Version ID to be published to the target org.
...
Waiting for the package install request to complete. Status = IN_PROGRESS
Waiting for the package install request to complete. Status = IN_PROGRESS
Waiting for the package install request to complete. Status = IN_PROGRESS
Successfully installed package [04t2I000000T4RnQAK]

F:\Persdata\Dropbox\Trailhead DX\AdvancedApexSpecialist>



































